[2025-05-20T09:29:30.999+0000] {local_task_job_runner.py:123} INFO - ::group::Pre task execution logs
[2025-05-20T09:29:31.005+0000] {taskinstance.py:2612} INFO - Dependencies all met for dep_context=non-requeueable deps ti=<TaskInstance: kafka_to_minio_to_spark.kafka_consumer scheduled__2025-05-19T16:00:00+00:00 [queued]>
[2025-05-20T09:29:31.008+0000] {taskinstance.py:2612} INFO - Dependencies all met for dep_context=requeueable deps ti=<TaskInstance: kafka_to_minio_to_spark.kafka_consumer scheduled__2025-05-19T16:00:00+00:00 [queued]>
[2025-05-20T09:29:31.008+0000] {taskinstance.py:2865} INFO - Starting attempt 5 of 7
[2025-05-20T09:29:31.012+0000] {taskinstance.py:2888} INFO - Executing <Task(PythonOperator): kafka_consumer> on 2025-05-19 16:00:00+00:00
[2025-05-20T09:29:31.014+0000] {standard_task_runner.py:72} INFO - Started process 599 to run task
[2025-05-20T09:29:31.016+0000] {standard_task_runner.py:104} INFO - Running: ['***', 'tasks', 'run', 'kafka_to_minio_to_spark', 'kafka_consumer', 'scheduled__2025-05-19T16:00:00+00:00', '--job-id', '9', '--raw', '--subdir', 'DAGS_FOLDER/testlog_ml.py', '--cfg-path', '/tmp/tmpgk98qf1y']
[2025-05-20T09:29:31.017+0000] {standard_task_runner.py:105} INFO - Job 9: Subtask kafka_consumer
[2025-05-20T09:29:31.035+0000] {task_command.py:467} INFO - Running <TaskInstance: kafka_to_minio_to_spark.kafka_consumer scheduled__2025-05-19T16:00:00+00:00 [running]> on host 6a89a243c286
[2025-05-20T09:29:31.132+0000] {taskinstance.py:3131} INFO - Exporting env vars: AIRFLOW_CTX_DAG_OWNER='***' AIRFLOW_CTX_DAG_ID='kafka_to_minio_to_spark' AIRFLOW_CTX_TASK_ID='kafka_consumer' AIRFLOW_CTX_EXECUTION_DATE='2025-05-19T16:00:00+00:00' AIRFLOW_CTX_TRY_NUMBER='5' AIRFLOW_CTX_DAG_RUN_ID='scheduled__2025-05-19T16:00:00+00:00'
[2025-05-20T09:29:31.132+0000] {taskinstance.py:731} INFO - ::endgroup::
[2025-05-20T09:29:31.138+0000] {conn.py:396} INFO - <BrokerConnection client_id=kafka-python-2.2.7, node_id=bootstrap-0 host=host.docker.internal:9092 <connecting> [IPv4 ('192.168.65.254', 9092)]>: connecting to host.docker.internal:9092 [('192.168.65.254', 9092) IPv4]
[2025-05-20T09:29:31.140+0000] {conn.py:618} INFO - <BrokerConnection client_id=kafka-python-2.2.7, node_id=bootstrap-0 host=host.docker.internal:9092 <checking_api_versions_recv> [IPv4 ('192.168.65.254', 9092)]>: Broker version identified as 2.6
[2025-05-20T09:29:31.140+0000] {conn.py:457} INFO - <BrokerConnection client_id=kafka-python-2.2.7, node_id=bootstrap-0 host=host.docker.internal:9092 <connected> [IPv4 ('192.168.65.254', 9092)]>: Connection complete.
[2025-05-20T09:29:31.141+0000] {subscription_state.py:177} INFO - Updating subscribed topics to: ('userlog',)
[2025-05-20T09:29:31.141+0000] {logging_mixin.py:190} INFO - ✅ consumer started, waiting for messages....
[2025-05-20T09:29:31.143+0000] {conn.py:396} INFO - <BrokerConnection client_id=kafka-python-2.2.7, node_id=1 host=172.16.24.224:9092 <connecting> [IPv4 ('172.16.24.224', 9092)]>: connecting to 172.16.24.224:9092 [('172.16.24.224', 9092) IPv4]
[2025-05-20T09:29:31.247+0000] {conn.py:457} INFO - <BrokerConnection client_id=kafka-python-2.2.7, node_id=1 host=172.16.24.224:9092 <connected> [IPv4 ('172.16.24.224', 9092)]>: Connection complete.
[2025-05-20T09:29:31.247+0000] {conn.py:945} INFO - <BrokerConnection client_id=kafka-python-2.2.7, node_id=bootstrap-0 host=host.docker.internal:9092 <connected> [IPv4 ('192.168.65.254', 9092)]>: Closing connection. 
[2025-05-20T09:29:31.353+0000] {cluster.py:400} INFO - Coordinator for group/tospark is ('coordinator-1', '172.16.24.224', 9092, None)
[2025-05-20T09:29:31.354+0000] {base.py:769} INFO - Discovered coordinator coordinator-1 for group tospark
[2025-05-20T09:29:31.355+0000] {base.py:820} INFO - Starting new heartbeat thread
[2025-05-20T09:29:31.359+0000] {consumer.py:362} INFO - Revoking previously assigned partitions () for group tospark
[2025-05-20T09:29:31.361+0000] {conn.py:396} INFO - <BrokerConnection client_id=kafka-python-2.2.7, node_id=coordinator-1 host=172.16.24.224:9092 <connecting> [IPv4 ('172.16.24.224', 9092)]>: connecting to 172.16.24.224:9092 [('172.16.24.224', 9092) IPv4]
[2025-05-20T09:29:31.464+0000] {conn.py:457} INFO - <BrokerConnection client_id=kafka-python-2.2.7, node_id=coordinator-1 host=172.16.24.224:9092 <connected> [IPv4 ('172.16.24.224', 9092)]>: Connection complete.
[2025-05-20T09:29:31.565+0000] {base.py:524} INFO - (Re-)joining group tospark
[2025-05-20T09:29:31.569+0000] {base.py:524} INFO - (Re-)joining group tospark
[2025-05-20T09:29:34.574+0000] {base.py:587} INFO - Elected group leader -- performing partition assignments using range
[2025-05-20T09:29:34.576+0000] {base.py:401} INFO - Successfully joined group tospark with generation 17
[2025-05-20T09:29:34.577+0000] {subscription_state.py:246} INFO - Updated partition assignment: [('userlog', 0)]
[2025-05-20T09:29:34.577+0000] {consumer.py:249} INFO - Setting newly assigned partitions (('userlog', 0),) for group tospark
[2025-05-20T09:29:34.608+0000] {logging_mixin.py:190} INFO - 📥 Received: page:movie_detail
[2025-05-20T09:29:34.609+0000] {logging_mixin.py:190} INFO - 📥 Received: page:movie_detail
[2025-05-20T09:29:34.610+0000] {logging_mixin.py:190} INFO - 📥 Received: page:movie_detail
[2025-05-20T09:29:34.611+0000] {logging_mixin.py:190} INFO - 📥 Received: page:movie_detail
[2025-05-20T09:29:34.611+0000] {logging_mixin.py:190} INFO - 📥 Received: page:movie_detail
[2025-05-20T09:29:34.612+0000] {logging_mixin.py:190} INFO - 📥 Received: page:movie_detail
[2025-05-20T09:29:34.612+0000] {logging_mixin.py:190} INFO - 📥 Received: page:movie_detail
[2025-05-20T09:29:34.613+0000] {logging_mixin.py:190} INFO - 📥 Received: page:main
[2025-05-20T09:29:34.614+0000] {logging_mixin.py:190} INFO - 📥 Received: page:main
[2025-05-20T09:29:34.614+0000] {logging_mixin.py:190} INFO - 📥 Received: page:movie_detail
[2025-05-20T09:29:34.615+0000] {logging_mixin.py:190} INFO - 📥 Received: page:movie_detail
[2025-05-20T09:29:34.616+0000] {logging_mixin.py:190} INFO - 📥 Received: page:main
[2025-05-20T09:29:34.617+0000] {logging_mixin.py:190} INFO - 📥 Received: page:main
[2025-05-20T09:29:34.618+0000] {logging_mixin.py:190} INFO - 📥 Received: page:main
[2025-05-20T09:29:34.619+0000] {logging_mixin.py:190} INFO - 📥 Received: page:movie_detail
[2025-05-20T09:29:34.620+0000] {logging_mixin.py:190} INFO - 📥 Received: page:movie_detail
[2025-05-20T09:29:34.621+0000] {logging_mixin.py:190} INFO - 📥 Received: page:main
[2025-05-20T09:29:34.622+0000] {logging_mixin.py:190} INFO - 📥 Received: page:movie_detail
[2025-05-20T09:29:34.623+0000] {logging_mixin.py:190} INFO - 📥 Received: page:movie_detail
[2025-05-20T09:29:34.624+0000] {logging_mixin.py:190} INFO - 📥 Received: page:movie_detail
[2025-05-20T09:29:34.625+0000] {logging_mixin.py:190} INFO - 📥 Received: page:main
[2025-05-20T09:29:34.625+0000] {logging_mixin.py:190} INFO - 📥 Received: page:movie_detail
[2025-05-20T09:29:34.626+0000] {logging_mixin.py:190} INFO - 📥 Received: page:movie_detail
[2025-05-20T09:29:34.627+0000] {logging_mixin.py:190} INFO - 📥 Received: page:main
[2025-05-20T09:29:34.627+0000] {logging_mixin.py:190} INFO - 📥 Received: page:movie_detail
[2025-05-20T09:29:34.628+0000] {logging_mixin.py:190} INFO - 📥 Received: page:movie_detail
[2025-05-20T09:29:34.629+0000] {logging_mixin.py:190} INFO - 📥 Received: page:movie_detail
[2025-05-20T09:29:34.629+0000] {logging_mixin.py:190} INFO - 📥 Received: page:movie_detail
[2025-05-20T09:29:34.630+0000] {logging_mixin.py:190} INFO - 📥 Received: page:main
[2025-05-20T09:29:34.630+0000] {logging_mixin.py:190} INFO - 📥 Received: page:movie_detail
[2025-05-20T09:29:34.631+0000] {logging_mixin.py:190} INFO - 📥 Received: page:movie_detail
[2025-05-20T09:29:34.632+0000] {logging_mixin.py:190} INFO - 📥 Received: page:movie_detail
[2025-05-20T09:29:34.632+0000] {logging_mixin.py:190} INFO - 📥 Received: page:movie_detail
[2025-05-20T09:29:34.633+0000] {logging_mixin.py:190} INFO - 📥 Received: page:movie_detail
[2025-05-20T09:29:34.634+0000] {logging_mixin.py:190} INFO - 📥 Received: page:movie_detail
[2025-05-20T09:29:34.635+0000] {logging_mixin.py:190} INFO - 📥 Received: page:movie_detail
[2025-05-20T09:29:34.636+0000] {logging_mixin.py:190} INFO - 📥 Received: page:movie_detail
[2025-05-20T09:29:34.637+0000] {logging_mixin.py:190} INFO - 📥 Received: page:movie_detail
[2025-05-20T09:29:34.637+0000] {logging_mixin.py:190} INFO - 📥 Received: page:movie_detail
[2025-05-20T09:29:34.638+0000] {logging_mixin.py:190} INFO - 📥 Received: page:movie_detail
[2025-05-20T09:29:34.638+0000] {logging_mixin.py:190} INFO - 📥 Received: page:main
[2025-05-20T09:29:34.639+0000] {logging_mixin.py:190} INFO - 📥 Received: page:movie_detail
[2025-05-20T09:29:34.640+0000] {logging_mixin.py:190} INFO - 📥 Received: page:main
[2025-05-20T09:29:34.640+0000] {logging_mixin.py:190} INFO - 📥 Received: page:movie_detail
[2025-05-20T09:29:34.641+0000] {logging_mixin.py:190} INFO - 📥 Received: page:movie_detail
[2025-05-20T09:29:34.642+0000] {logging_mixin.py:190} INFO - 📥 Received: page:main
[2025-05-20T09:29:34.643+0000] {logging_mixin.py:190} INFO - 📥 Received: page:movie_detail
[2025-05-20T09:29:34.643+0000] {logging_mixin.py:190} INFO - 📥 Received: page:movie_detail
[2025-05-20T09:29:34.644+0000] {logging_mixin.py:190} INFO - 📥 Received: page:main
[2025-05-20T09:29:34.644+0000] {logging_mixin.py:190} INFO - 📥 Received: page:movie_detail
[2025-05-20T09:29:34.645+0000] {logging_mixin.py:190} INFO - 📥 Received: page:movie_detail
[2025-05-20T09:29:34.645+0000] {logging_mixin.py:190} INFO - 📥 Received: page:movie_detail
[2025-05-20T09:29:34.646+0000] {logging_mixin.py:190} INFO - 📥 Received: page:movie_detail
[2025-05-20T09:29:34.647+0000] {logging_mixin.py:190} INFO - 📥 Received: page:main
[2025-05-20T09:29:34.647+0000] {logging_mixin.py:190} INFO - 📥 Received: page:movie_detail
[2025-05-20T09:29:34.648+0000] {logging_mixin.py:190} INFO - 📥 Received: page:movie_detail
[2025-05-20T09:29:34.649+0000] {logging_mixin.py:190} INFO - 📥 Received: page:main
[2025-05-20T09:29:34.650+0000] {logging_mixin.py:190} INFO - 📥 Received: page:movie_detail
[2025-05-20T09:29:34.650+0000] {logging_mixin.py:190} INFO - 📥 Received: page:main
[2025-05-20T09:29:34.651+0000] {logging_mixin.py:190} INFO - 📥 Received: page:movie_detail
[2025-05-20T09:29:34.652+0000] {logging_mixin.py:190} INFO - 📥 Received: page:movie_detail
[2025-05-20T09:29:34.653+0000] {logging_mixin.py:190} INFO - 📥 Received: page:main
[2025-05-20T09:29:34.653+0000] {logging_mixin.py:190} INFO - 📥 Received: page:movie_detail
[2025-05-20T09:29:34.654+0000] {logging_mixin.py:190} INFO - 📥 Received: page:main
[2025-05-20T09:29:34.655+0000] {logging_mixin.py:190} INFO - 📥 Received: page:movie_detail
[2025-05-20T09:29:34.655+0000] {logging_mixin.py:190} INFO - 📥 Received: page:movie_detail
[2025-05-20T09:29:34.656+0000] {logging_mixin.py:190} INFO - 📥 Received: page:movie_detail
[2025-05-20T09:29:34.657+0000] {logging_mixin.py:190} INFO - 📥 Received: page:movie_detail
[2025-05-20T09:29:34.657+0000] {logging_mixin.py:190} INFO - 📥 Received: page:main
[2025-05-20T09:29:34.658+0000] {logging_mixin.py:190} INFO - 📥 Received: page:movie_detail
[2025-05-20T09:29:34.659+0000] {logging_mixin.py:190} INFO - 📥 Received: page:movie_detail
[2025-05-20T09:29:34.660+0000] {logging_mixin.py:190} INFO - 📥 Received: page:main
[2025-05-20T09:29:34.660+0000] {logging_mixin.py:190} INFO - 📥 Received: page:movie_detail
[2025-05-20T09:29:34.661+0000] {logging_mixin.py:190} INFO - 📥 Received: page:main
[2025-05-20T09:29:34.662+0000] {logging_mixin.py:190} INFO - 📥 Received: page:movie_detail
[2025-05-20T09:29:34.662+0000] {logging_mixin.py:190} INFO - 📥 Received: page:movie_detail
[2025-05-20T09:29:34.663+0000] {logging_mixin.py:190} INFO - 📥 Received: page:movie_detail
[2025-05-20T09:29:34.664+0000] {logging_mixin.py:190} INFO - 📥 Received: page:movie_detail
[2025-05-20T09:29:34.664+0000] {logging_mixin.py:190} INFO - 📥 Received: page:movie_detail
[2025-05-20T09:29:34.665+0000] {logging_mixin.py:190} INFO - 📥 Received: page:movie_detail
[2025-05-20T09:29:34.666+0000] {logging_mixin.py:190} INFO - 📥 Received: page:main
[2025-05-20T09:29:34.667+0000] {logging_mixin.py:190} INFO - 📥 Received: page:movie_detail
[2025-05-20T09:29:34.668+0000] {logging_mixin.py:190} INFO - 📥 Received: page:movie_detail
[2025-05-20T09:29:34.668+0000] {logging_mixin.py:190} INFO - 📥 Received: page:movie_detail
[2025-05-20T09:29:34.669+0000] {logging_mixin.py:190} INFO - 📥 Received: page:main
[2025-05-20T09:29:34.669+0000] {logging_mixin.py:190} INFO - 📥 Received: page:main
[2025-05-20T09:29:34.670+0000] {logging_mixin.py:190} INFO - 📥 Received: page:movie_detail
[2025-05-20T09:29:34.671+0000] {logging_mixin.py:190} INFO - 📥 Received: page:movie_detail
[2025-05-20T09:29:34.671+0000] {logging_mixin.py:190} INFO - 📥 Received: page:movie_detail
[2025-05-20T09:29:34.672+0000] {logging_mixin.py:190} INFO - 📥 Received: page:movie_detail
[2025-05-20T09:29:34.672+0000] {logging_mixin.py:190} INFO - 📥 Received: page:movie_detail
[2025-05-20T09:29:34.673+0000] {logging_mixin.py:190} INFO - 📥 Received: page:movie_detail
[2025-05-20T09:29:34.673+0000] {logging_mixin.py:190} INFO - 📥 Received: page:movie_detail
[2025-05-20T09:29:34.674+0000] {logging_mixin.py:190} INFO - 📥 Received: page:movie_detail
[2025-05-20T09:29:34.674+0000] {logging_mixin.py:190} INFO - 📥 Received: page:movie_detail
[2025-05-20T09:29:34.675+0000] {logging_mixin.py:190} INFO - 📥 Received: page:main
[2025-05-20T09:29:34.675+0000] {logging_mixin.py:190} INFO - 📥 Received: page:main
[2025-05-20T09:29:34.676+0000] {logging_mixin.py:190} INFO - 📥 Received: page:movie_detail
[2025-05-20T09:29:34.676+0000] {logging_mixin.py:190} INFO - 📥 Received: page:movie_detail
[2025-05-20T09:29:34.677+0000] {logging_mixin.py:190} INFO - 📥 Received: page:movie_detail
[2025-05-20T09:29:34.678+0000] {logging_mixin.py:190} INFO - 📥 Received: page:movie_detail
[2025-05-20T09:29:34.678+0000] {logging_mixin.py:190} INFO - 📥 Received: page:main
[2025-05-20T09:29:34.679+0000] {logging_mixin.py:190} INFO - 📥 Received: page:movie_detail
[2025-05-20T09:29:34.679+0000] {logging_mixin.py:190} INFO - 📥 Received: page:main
[2025-05-20T09:29:34.680+0000] {logging_mixin.py:190} INFO - 📥 Received: page:movie_detail
[2025-05-20T09:29:34.680+0000] {logging_mixin.py:190} INFO - 📥 Received: page:movie_detail
[2025-05-20T09:29:34.681+0000] {logging_mixin.py:190} INFO - 📥 Received: page:movie_detail
[2025-05-20T09:29:34.681+0000] {logging_mixin.py:190} INFO - 📥 Received: page:main
[2025-05-20T09:29:34.682+0000] {logging_mixin.py:190} INFO - 📥 Received: page:movie_detail
[2025-05-20T09:29:34.682+0000] {logging_mixin.py:190} INFO - 📥 Received: page:movie_detail
[2025-05-20T09:29:34.683+0000] {logging_mixin.py:190} INFO - 📥 Received: page:main
[2025-05-20T09:29:34.683+0000] {logging_mixin.py:190} INFO - 📥 Received: page:movie_detail
[2025-05-20T09:29:34.684+0000] {logging_mixin.py:190} INFO - 📥 Received: page:movie_detail
[2025-05-20T09:29:34.685+0000] {logging_mixin.py:190} INFO - 📥 Received: page:movie_detail
[2025-05-20T09:29:34.685+0000] {logging_mixin.py:190} INFO - 📥 Received: page:main
[2025-05-20T09:29:34.686+0000] {logging_mixin.py:190} INFO - 📥 Received: page:movie_detail
[2025-05-20T09:29:34.686+0000] {logging_mixin.py:190} INFO - 📥 Received: page:movie_detail
[2025-05-20T09:29:34.687+0000] {logging_mixin.py:190} INFO - 📥 Received: page:movie_detail
[2025-05-20T09:29:34.687+0000] {logging_mixin.py:190} INFO - 📥 Received: page:movie_detail
[2025-05-20T09:29:34.688+0000] {logging_mixin.py:190} INFO - 📥 Received: page:movie_detail
[2025-05-20T09:29:34.689+0000] {logging_mixin.py:190} INFO - 📥 Received: page:main
[2025-05-20T09:29:34.689+0000] {logging_mixin.py:190} INFO - 📥 Received: page:movie_detail
[2025-05-20T09:29:34.690+0000] {logging_mixin.py:190} INFO - 📥 Received: page:main
[2025-05-20T09:29:34.690+0000] {logging_mixin.py:190} INFO - 📥 Received: page:movie_detail
[2025-05-20T09:29:34.691+0000] {logging_mixin.py:190} INFO - 📥 Received: page:movie_detail
[2025-05-20T09:29:34.692+0000] {logging_mixin.py:190} INFO - 📥 Received: page:main
[2025-05-20T09:29:34.693+0000] {logging_mixin.py:190} INFO - 📥 Received: page:movie_detail
[2025-05-20T09:29:34.693+0000] {logging_mixin.py:190} INFO - 📥 Received: page:movie_detail
[2025-05-20T09:29:34.694+0000] {logging_mixin.py:190} INFO - 📥 Received: page:movie_detail
[2025-05-20T09:29:34.696+0000] {logging_mixin.py:190} INFO - 📥 Received: page:movie_detail
[2025-05-20T09:29:34.696+0000] {logging_mixin.py:190} INFO - 📥 Received: page:movie_detail
[2025-05-20T09:29:34.697+0000] {logging_mixin.py:190} INFO - 📥 Received: page:movie_detail
[2025-05-20T09:29:34.698+0000] {logging_mixin.py:190} INFO - 📥 Received: page:movie_detail
[2025-05-20T09:29:34.698+0000] {logging_mixin.py:190} INFO - 📥 Received: page:movie_detail
[2025-05-20T09:29:34.699+0000] {logging_mixin.py:190} INFO - 📥 Received: page:movie_detail
[2025-05-20T09:29:34.700+0000] {logging_mixin.py:190} INFO - 📥 Received: page:movie_detail
[2025-05-20T09:29:34.701+0000] {logging_mixin.py:190} INFO - 📥 Received: page:main
[2025-05-20T09:29:34.701+0000] {logging_mixin.py:190} INFO - 📥 Received: page:movie_detail
[2025-05-20T09:29:34.702+0000] {logging_mixin.py:190} INFO - 📥 Received: page:movie_detail
[2025-05-20T09:29:34.702+0000] {logging_mixin.py:190} INFO - 📥 Received: page:movie_detail
[2025-05-20T09:29:34.703+0000] {logging_mixin.py:190} INFO - 📥 Received: page:main
[2025-05-20T09:29:34.703+0000] {logging_mixin.py:190} INFO - 📥 Received: page:movie_detail
[2025-05-20T09:29:34.704+0000] {logging_mixin.py:190} INFO - 📥 Received: page:movie_detail
[2025-05-20T09:29:34.704+0000] {logging_mixin.py:190} INFO - 📥 Received: page:movie_detail
[2025-05-20T09:29:34.704+0000] {logging_mixin.py:190} INFO - 📥 Received: page:movie_detail
[2025-05-20T09:29:34.705+0000] {logging_mixin.py:190} INFO - 📥 Received: page:main
[2025-05-20T09:29:34.705+0000] {logging_mixin.py:190} INFO - 📥 Received: page:movie_detail
[2025-05-20T09:29:34.706+0000] {logging_mixin.py:190} INFO - 📥 Received: page:main
[2025-05-20T09:29:34.706+0000] {logging_mixin.py:190} INFO - 📥 Received: page:movie_detail
[2025-05-20T09:29:34.707+0000] {logging_mixin.py:190} INFO - 📥 Received: page:main
[2025-05-20T09:29:34.707+0000] {logging_mixin.py:190} INFO - 📥 Received: page:main
[2025-05-20T09:29:34.715+0000] {logging_mixin.py:190} INFO - 📥 Received: page:movie_detail
[2025-05-20T09:29:34.716+0000] {logging_mixin.py:190} INFO - 📥 Received: page:movie_detail
[2025-05-20T09:29:34.716+0000] {logging_mixin.py:190} INFO - 📥 Received: page:movie_detail
[2025-05-20T09:29:34.717+0000] {logging_mixin.py:190} INFO - 📥 Received: page:movie_detail
[2025-05-20T09:29:34.719+0000] {logging_mixin.py:190} INFO - 📥 Received: page:movie_detail
[2025-05-20T09:29:34.720+0000] {logging_mixin.py:190} INFO - 📥 Received: page:main
[2025-05-20T09:29:34.722+0000] {logging_mixin.py:190} INFO - 📥 Received: page:movie_detail
[2025-05-20T09:29:34.722+0000] {logging_mixin.py:190} INFO - 📥 Received: page:movie_detail
[2025-05-20T09:29:34.723+0000] {logging_mixin.py:190} INFO - 📥 Received: page:movie_detail
[2025-05-20T09:29:34.724+0000] {logging_mixin.py:190} INFO - 📥 Received: page:main
[2025-05-20T09:29:34.724+0000] {logging_mixin.py:190} INFO - 📥 Received: page:movie_detail
[2025-05-20T09:29:34.726+0000] {logging_mixin.py:190} INFO - 📥 Received: page:movie_detail
[2025-05-20T09:29:34.728+0000] {logging_mixin.py:190} INFO - 📥 Received: page:movie_detail
[2025-05-20T09:29:34.728+0000] {logging_mixin.py:190} INFO - 📥 Received: page:movie_detail
[2025-05-20T09:29:34.728+0000] {logging_mixin.py:190} INFO - 📥 Received: page:main
[2025-05-20T09:29:34.729+0000] {logging_mixin.py:190} INFO - 📥 Received: page:main
[2025-05-20T09:29:34.729+0000] {logging_mixin.py:190} INFO - 📥 Received: page:movie_detail
[2025-05-20T09:29:34.730+0000] {logging_mixin.py:190} INFO - 📥 Received: page:movie_detail
[2025-05-20T09:29:34.730+0000] {logging_mixin.py:190} INFO - 📥 Received: page:movie_detail
[2025-05-20T09:29:34.730+0000] {logging_mixin.py:190} INFO - 📥 Received: page:movie_detail
[2025-05-20T09:29:34.731+0000] {logging_mixin.py:190} INFO - 📥 Received: page:movie_detail
[2025-05-20T09:29:34.732+0000] {logging_mixin.py:190} INFO - 📥 Received: page:movie_detail
[2025-05-20T09:29:34.733+0000] {logging_mixin.py:190} INFO - 📥 Received: page:main
[2025-05-20T09:29:34.737+0000] {logging_mixin.py:190} INFO - 📥 Received: page:main
[2025-05-20T09:29:34.739+0000] {logging_mixin.py:190} INFO - 📥 Received: page:main
[2025-05-20T09:29:34.740+0000] {logging_mixin.py:190} INFO - 📥 Received: page:movie_detail
[2025-05-20T09:29:34.740+0000] {logging_mixin.py:190} INFO - 📥 Received: page:main
[2025-05-20T09:29:34.742+0000] {logging_mixin.py:190} INFO - 📥 Received: page:movie_detail
[2025-05-20T09:29:34.743+0000] {logging_mixin.py:190} INFO - 📥 Received: page:main
[2025-05-20T09:29:34.743+0000] {logging_mixin.py:190} INFO - 📥 Received: page:main
[2025-05-20T09:29:34.744+0000] {logging_mixin.py:190} INFO - 📥 Received: page:movie_detail
[2025-05-20T09:29:34.744+0000] {logging_mixin.py:190} INFO - 📥 Received: page:movie_detail
[2025-05-20T09:29:34.745+0000] {logging_mixin.py:190} INFO - 📥 Received: page:movie_detail
[2025-05-20T09:29:34.746+0000] {logging_mixin.py:190} INFO - 📥 Received: page:movie_detail
[2025-05-20T09:29:34.747+0000] {logging_mixin.py:190} INFO - 📥 Received: page:movie_detail
[2025-05-20T09:29:34.748+0000] {logging_mixin.py:190} INFO - 📥 Received: page:main
[2025-05-20T09:29:34.748+0000] {logging_mixin.py:190} INFO - 📥 Received: page:movie_detail
[2025-05-20T09:29:34.749+0000] {logging_mixin.py:190} INFO - 📥 Received: page:main
[2025-05-20T09:29:34.750+0000] {logging_mixin.py:190} INFO - 📥 Received: page:movie_detail
[2025-05-20T09:29:34.750+0000] {logging_mixin.py:190} INFO - 📥 Received: page:movie_detail
[2025-05-20T09:29:34.752+0000] {logging_mixin.py:190} INFO - 📥 Received: page:movie_detail
[2025-05-20T09:29:34.753+0000] {logging_mixin.py:190} INFO - 📥 Received: page:movie_detail
[2025-05-20T09:29:34.754+0000] {logging_mixin.py:190} INFO - 📥 Received: page:movie_detail
[2025-05-20T09:29:34.754+0000] {logging_mixin.py:190} INFO - 📥 Received: page:movie_detail
[2025-05-20T09:29:34.755+0000] {logging_mixin.py:190} INFO - 📥 Received: page:movie_detail
[2025-05-20T09:29:34.755+0000] {logging_mixin.py:190} INFO - 📥 Received: page:movie_detail
[2025-05-20T09:29:34.756+0000] {logging_mixin.py:190} INFO - 📥 Received: page:movie_detail
[2025-05-20T09:29:34.756+0000] {logging_mixin.py:190} INFO - 📥 Received: page:movie_detail
[2025-05-20T09:29:34.756+0000] {logging_mixin.py:190} INFO - 📥 Received: page:main
[2025-05-20T09:29:34.757+0000] {logging_mixin.py:190} INFO - 📥 Received: page:main
[2025-05-20T09:29:34.757+0000] {logging_mixin.py:190} INFO - 📥 Received: page:main
[2025-05-20T09:29:34.758+0000] {logging_mixin.py:190} INFO - 📥 Received: page:main
[2025-05-20T09:29:34.758+0000] {logging_mixin.py:190} INFO - 📥 Received: page:movie_detail
[2025-05-20T09:29:34.759+0000] {logging_mixin.py:190} INFO - 📥 Received: page:movie_detail
[2025-05-20T09:29:34.759+0000] {logging_mixin.py:190} INFO - 📥 Received: page:movie_detail
[2025-05-20T09:29:34.760+0000] {logging_mixin.py:190} INFO - 📥 Received: page:movie_detail
[2025-05-20T09:29:34.760+0000] {logging_mixin.py:190} INFO - 📥 Received: page:movie_detail
[2025-05-20T09:29:34.760+0000] {logging_mixin.py:190} INFO - 📥 Received: page:movie_detail
[2025-05-20T09:29:34.761+0000] {logging_mixin.py:190} INFO - 📥 Received: page:movie_detail
[2025-05-20T09:29:34.761+0000] {logging_mixin.py:190} INFO - 📥 Received: page:movie_detail
[2025-05-20T09:29:34.762+0000] {logging_mixin.py:190} INFO - 📥 Received: page:movie_detail
[2025-05-20T09:29:34.762+0000] {logging_mixin.py:190} INFO - 📥 Received: page:main
[2025-05-20T09:29:34.763+0000] {logging_mixin.py:190} INFO - 📥 Received: page:main
[2025-05-20T09:29:34.763+0000] {logging_mixin.py:190} INFO - 📥 Received: page:movie_detail
[2025-05-20T09:29:34.764+0000] {logging_mixin.py:190} INFO - 📥 Received: page:movie_detail
[2025-05-20T09:29:34.764+0000] {logging_mixin.py:190} INFO - 📥 Received: page:main
[2025-05-20T09:29:34.764+0000] {logging_mixin.py:190} INFO - 📥 Received: page:main
[2025-05-20T09:29:34.765+0000] {logging_mixin.py:190} INFO - 📥 Received: page:movie_detail
[2025-05-20T09:29:34.765+0000] {logging_mixin.py:190} INFO - 📥 Received: page:movie_detail
[2025-05-20T09:29:34.766+0000] {logging_mixin.py:190} INFO - 📥 Received: page:movie_detail
[2025-05-20T09:29:34.766+0000] {logging_mixin.py:190} INFO - 📥 Received: page:movie_detail
[2025-05-20T09:29:34.767+0000] {logging_mixin.py:190} INFO - 📥 Received: page:movie_detail
[2025-05-20T09:29:34.767+0000] {logging_mixin.py:190} INFO - 📥 Received: page:movie_detail
[2025-05-20T09:29:34.768+0000] {logging_mixin.py:190} INFO - 📥 Received: page:main
[2025-05-20T09:29:34.768+0000] {logging_mixin.py:190} INFO - 📥 Received: page:movie_detail
[2025-05-20T09:29:34.768+0000] {logging_mixin.py:190} INFO - 📥 Received: page:movie_detail
[2025-05-20T09:29:34.769+0000] {logging_mixin.py:190} INFO - 📥 Received: page:main
[2025-05-20T09:29:34.769+0000] {logging_mixin.py:190} INFO - 📥 Received: page:movie_detail
[2025-05-20T09:29:34.770+0000] {logging_mixin.py:190} INFO - 📥 Received: page:movie_detail
[2025-05-20T09:29:34.771+0000] {logging_mixin.py:190} INFO - 📥 Received: page:movie_detail
[2025-05-20T09:29:34.771+0000] {logging_mixin.py:190} INFO - 📥 Received: page:movie_detail
[2025-05-20T09:29:34.771+0000] {logging_mixin.py:190} INFO - 📥 Received: page:movie_detail
[2025-05-20T09:29:34.772+0000] {logging_mixin.py:190} INFO - 📥 Received: page:movie_detail
[2025-05-20T09:29:34.772+0000] {logging_mixin.py:190} INFO - 📥 Received: page:main
[2025-05-20T09:29:34.773+0000] {logging_mixin.py:190} INFO - 📥 Received: page:movie_detail
[2025-05-20T09:29:34.774+0000] {logging_mixin.py:190} INFO - 📥 Received: page:movie_detail
[2025-05-20T09:29:34.775+0000] {logging_mixin.py:190} INFO - 📥 Received: page:main
[2025-05-20T09:29:34.775+0000] {logging_mixin.py:190} INFO - 📥 Received: page:movie_detail
[2025-05-20T09:29:34.781+0000] {logging_mixin.py:190} INFO - 📥 Received: page:movie_detail
[2025-05-20T09:29:34.782+0000] {logging_mixin.py:190} INFO - 📥 Received: page:movie_detail
[2025-05-20T09:29:34.782+0000] {logging_mixin.py:190} INFO - 📥 Received: page:movie_detail
[2025-05-20T09:29:34.782+0000] {logging_mixin.py:190} INFO - 📥 Received: page:movie_detail
[2025-05-20T09:29:34.783+0000] {logging_mixin.py:190} INFO - 📥 Received: page:main
[2025-05-20T09:29:34.785+0000] {logging_mixin.py:190} INFO - 📥 Received: page:main
[2025-05-20T09:29:34.786+0000] {logging_mixin.py:190} INFO - 📥 Received: page:movie_detail
[2025-05-20T09:29:34.786+0000] {logging_mixin.py:190} INFO - 📥 Received: page:movie_detail
[2025-05-20T09:29:34.786+0000] {logging_mixin.py:190} INFO - 📥 Received: page:main
[2025-05-20T09:29:34.787+0000] {logging_mixin.py:190} INFO - 📥 Received: page:movie_detail
[2025-05-20T09:29:34.787+0000] {logging_mixin.py:190} INFO - 📥 Received: page:movie_detail
[2025-05-20T09:29:34.788+0000] {logging_mixin.py:190} INFO - 📥 Received: page:movie_detail
[2025-05-20T09:29:34.788+0000] {logging_mixin.py:190} INFO - 📥 Received: page:movie_detail
[2025-05-20T09:29:34.789+0000] {logging_mixin.py:190} INFO - 📥 Received: page:movie_detail
[2025-05-20T09:29:34.789+0000] {logging_mixin.py:190} INFO - 📥 Received: page:movie_detail
[2025-05-20T09:29:34.790+0000] {logging_mixin.py:190} INFO - 📥 Received: page:main
[2025-05-20T09:29:34.794+0000] {logging_mixin.py:190} INFO - 📥 Received: page:movie_detail
[2025-05-20T09:29:34.797+0000] {logging_mixin.py:190} INFO - 📥 Received: page:movie_detail
[2025-05-20T09:29:34.798+0000] {logging_mixin.py:190} INFO - 📥 Received: page:main
[2025-05-20T09:29:34.800+0000] {logging_mixin.py:190} INFO - 📥 Received: page:movie_detail
[2025-05-20T09:29:34.801+0000] {logging_mixin.py:190} INFO - 📥 Received: page:main
[2025-05-20T09:29:34.802+0000] {logging_mixin.py:190} INFO - 📥 Received: page:movie_detail
[2025-05-20T09:29:34.803+0000] {logging_mixin.py:190} INFO - 📥 Received: page:movie_detail
[2025-05-20T09:29:34.804+0000] {logging_mixin.py:190} INFO - 📥 Received: page:movie_detail
[2025-05-20T09:29:34.804+0000] {logging_mixin.py:190} INFO - 📥 Received: page:movie_detail
[2025-05-20T09:29:34.805+0000] {logging_mixin.py:190} INFO - 📥 Received: page:movie_detail
[2025-05-20T09:29:34.805+0000] {logging_mixin.py:190} INFO - 📥 Received: page:movie_detail
[2025-05-20T09:29:34.806+0000] {logging_mixin.py:190} INFO - 📥 Received: page:main
[2025-05-20T09:29:34.806+0000] {logging_mixin.py:190} INFO - 📥 Received: page:movie_detail
[2025-05-20T09:29:34.808+0000] {logging_mixin.py:190} INFO - 📥 Received: page:main
[2025-05-20T09:29:34.808+0000] {logging_mixin.py:190} INFO - 📥 Received: page:movie_detail
[2025-05-20T09:29:34.809+0000] {logging_mixin.py:190} INFO - 📥 Received: page:movie_detail
[2025-05-20T09:29:34.809+0000] {logging_mixin.py:190} INFO - 📥 Received: page:movie_detail
[2025-05-20T09:29:34.810+0000] {logging_mixin.py:190} INFO - 📥 Received: page:main
[2025-05-20T09:29:34.810+0000] {logging_mixin.py:190} INFO - 📥 Received: page:movie_detail
[2025-05-20T09:29:34.811+0000] {logging_mixin.py:190} INFO - 📥 Received: page:movie_detail
[2025-05-20T09:29:34.811+0000] {logging_mixin.py:190} INFO - 📥 Received: page:movie_detail
[2025-05-20T09:29:34.812+0000] {logging_mixin.py:190} INFO - 📥 Received: page:movie_detail
[2025-05-20T09:29:34.812+0000] {logging_mixin.py:190} INFO - 📥 Received: page:movie_detail
[2025-05-20T09:29:34.812+0000] {logging_mixin.py:190} INFO - 📥 Received: page:movie_detail
[2025-05-20T09:29:34.813+0000] {logging_mixin.py:190} INFO - 📥 Received: page:movie_detail
[2025-05-20T09:29:34.813+0000] {logging_mixin.py:190} INFO - 📥 Received: page:movie_detail
[2025-05-20T09:29:34.813+0000] {logging_mixin.py:190} INFO - 📥 Received: page:movie_detail
[2025-05-20T09:29:34.814+0000] {logging_mixin.py:190} INFO - 📥 Received: page:main
[2025-05-20T09:29:34.814+0000] {logging_mixin.py:190} INFO - 📥 Received: page:movie_detail
[2025-05-20T09:29:34.815+0000] {logging_mixin.py:190} INFO - 📥 Received: page:movie_detail
[2025-05-20T09:29:34.816+0000] {logging_mixin.py:190} INFO - 📥 Received: page:movie_detail
[2025-05-20T09:29:34.816+0000] {logging_mixin.py:190} INFO - 📥 Received: page:movie_detail
[2025-05-20T09:29:34.817+0000] {logging_mixin.py:190} INFO - 📥 Received: page:main
[2025-05-20T09:29:34.817+0000] {logging_mixin.py:190} INFO - 📥 Received: page:movie_detail
[2025-05-20T09:29:34.818+0000] {logging_mixin.py:190} INFO - 📥 Received: page:movie_detail
[2025-05-20T09:29:34.818+0000] {logging_mixin.py:190} INFO - 📥 Received: page:movie_detail
[2025-05-20T09:29:34.819+0000] {logging_mixin.py:190} INFO - 📥 Received: page:movie_detail
[2025-05-20T09:29:34.820+0000] {logging_mixin.py:190} INFO - 📥 Received: page:main
[2025-05-20T09:29:34.820+0000] {logging_mixin.py:190} INFO - 📥 Received: page:movie_detail
[2025-05-20T09:29:34.821+0000] {logging_mixin.py:190} INFO - 📥 Received: page:movie_detail
[2025-05-20T09:29:34.821+0000] {logging_mixin.py:190} INFO - 📥 Received: page:movie_detail
[2025-05-20T09:29:34.822+0000] {logging_mixin.py:190} INFO - 📥 Received: page:movie_detail
[2025-05-20T09:29:34.822+0000] {logging_mixin.py:190} INFO - 📥 Received: page:movie_detail
[2025-05-20T09:29:34.823+0000] {logging_mixin.py:190} INFO - 📥 Received: page:movie_detail
[2025-05-20T09:29:34.823+0000] {logging_mixin.py:190} INFO - 📥 Received: page:movie_detail
[2025-05-20T09:29:34.824+0000] {logging_mixin.py:190} INFO - 📥 Received: page:movie_detail
[2025-05-20T09:29:34.824+0000] {logging_mixin.py:190} INFO - 📥 Received: page:movie_detail
[2025-05-20T09:29:34.825+0000] {logging_mixin.py:190} INFO - 📥 Received: page:movie_detail
[2025-05-20T09:29:34.825+0000] {logging_mixin.py:190} INFO - 📥 Received: page:movie_detail
[2025-05-20T09:29:34.825+0000] {logging_mixin.py:190} INFO - 📥 Received: page:movie_detail
[2025-05-20T09:29:34.826+0000] {logging_mixin.py:190} INFO - 📥 Received: page:movie_detail
[2025-05-20T09:29:34.826+0000] {logging_mixin.py:190} INFO - 📥 Received: page:movie_detail
[2025-05-20T09:29:34.827+0000] {logging_mixin.py:190} INFO - 📥 Received: page:movie_detail
[2025-05-20T09:29:34.827+0000] {logging_mixin.py:190} INFO - 📥 Received: page:main
[2025-05-20T09:29:34.828+0000] {logging_mixin.py:190} INFO - 📥 Received: page:movie_detail
[2025-05-20T09:29:34.828+0000] {logging_mixin.py:190} INFO - 📥 Received: page:movie_detail
[2025-05-20T09:29:34.828+0000] {logging_mixin.py:190} INFO - 📥 Received: page:movie_detail
[2025-05-20T09:29:34.829+0000] {logging_mixin.py:190} INFO - 📥 Received: page:main
[2025-05-20T09:29:34.829+0000] {logging_mixin.py:190} INFO - 📥 Received: page:movie_detail
[2025-05-20T09:29:34.830+0000] {logging_mixin.py:190} INFO - 📥 Received: page:movie_detail
[2025-05-20T09:29:34.830+0000] {logging_mixin.py:190} INFO - 📥 Received: page:movie_detail
[2025-05-20T09:29:34.830+0000] {logging_mixin.py:190} INFO - 📥 Received: page:main
[2025-05-20T09:29:34.831+0000] {logging_mixin.py:190} INFO - 📥 Received: page:main
[2025-05-20T09:29:34.831+0000] {logging_mixin.py:190} INFO - 📥 Received: page:main
[2025-05-20T09:29:34.832+0000] {logging_mixin.py:190} INFO - 📥 Received: page:movie_detail
[2025-05-20T09:29:34.832+0000] {logging_mixin.py:190} INFO - 📥 Received: page:movie_detail
[2025-05-20T09:29:34.833+0000] {logging_mixin.py:190} INFO - 📥 Received: page:movie_detail
[2025-05-20T09:29:34.833+0000] {logging_mixin.py:190} INFO - 📥 Received: page:main
[2025-05-20T09:29:34.834+0000] {logging_mixin.py:190} INFO - 📥 Received: page:movie_detail
[2025-05-20T09:29:34.834+0000] {logging_mixin.py:190} INFO - 📥 Received: page:movie_detail
[2025-05-20T09:29:34.835+0000] {logging_mixin.py:190} INFO - 📥 Received: page:movie_detail
[2025-05-20T09:29:34.835+0000] {logging_mixin.py:190} INFO - 📥 Received: page:movie_detail
[2025-05-20T09:29:34.836+0000] {logging_mixin.py:190} INFO - 📥 Received: page:movie_detail
[2025-05-20T09:29:34.836+0000] {logging_mixin.py:190} INFO - 📥 Received: page:main
[2025-05-20T09:29:34.837+0000] {logging_mixin.py:190} INFO - 📥 Received: page:movie_detail
[2025-05-20T09:29:34.837+0000] {logging_mixin.py:190} INFO - 📥 Received: page:main
[2025-05-20T09:29:34.838+0000] {logging_mixin.py:190} INFO - 📥 Received: page:movie_detail
[2025-05-20T09:29:34.838+0000] {logging_mixin.py:190} INFO - 📥 Received: page:movie_detail
[2025-05-20T09:29:34.838+0000] {logging_mixin.py:190} INFO - 📥 Received: page:main
[2025-05-20T09:29:34.839+0000] {logging_mixin.py:190} INFO - 📥 Received: page:main
[2025-05-20T09:29:34.839+0000] {logging_mixin.py:190} INFO - 📥 Received: page:movie_detail
[2025-05-20T09:29:34.840+0000] {logging_mixin.py:190} INFO - 📥 Received: page:movie_detail
[2025-05-20T09:29:34.840+0000] {logging_mixin.py:190} INFO - 📥 Received: page:main
[2025-05-20T09:29:34.841+0000] {logging_mixin.py:190} INFO - 📥 Received: page:movie_detail
[2025-05-20T09:29:34.841+0000] {logging_mixin.py:190} INFO - 📥 Received: page:movie_detail
[2025-05-20T09:29:34.842+0000] {logging_mixin.py:190} INFO - 📥 Received: page:movie_detail
[2025-05-20T09:29:34.842+0000] {logging_mixin.py:190} INFO - 📥 Received: page:main
[2025-05-20T09:29:34.843+0000] {logging_mixin.py:190} INFO - 📥 Received: page:main
[2025-05-20T09:29:34.843+0000] {logging_mixin.py:190} INFO - 📥 Received: page:main
[2025-05-20T09:29:34.844+0000] {logging_mixin.py:190} INFO - 📥 Received: page:main
[2025-05-20T09:29:34.844+0000] {logging_mixin.py:190} INFO - 📥 Received: page:main
[2025-05-20T09:29:34.845+0000] {logging_mixin.py:190} INFO - 📥 Received: page:main
[2025-05-20T09:29:34.845+0000] {logging_mixin.py:190} INFO - 📥 Received: page:main
[2025-05-20T09:29:34.846+0000] {logging_mixin.py:190} INFO - 📥 Received: page:movie_detail
[2025-05-20T09:29:34.846+0000] {logging_mixin.py:190} INFO - 📥 Received: page:movie_detail
[2025-05-20T09:29:34.846+0000] {logging_mixin.py:190} INFO - 📥 Received: page:movie_detail
[2025-05-20T09:29:34.847+0000] {logging_mixin.py:190} INFO - 📥 Received: page:movie_detail
[2025-05-20T09:29:34.847+0000] {logging_mixin.py:190} INFO - 📥 Received: page:movie_detail
[2025-05-20T09:29:34.848+0000] {logging_mixin.py:190} INFO - 📥 Received: page:movie_detail
[2025-05-20T09:29:34.848+0000] {logging_mixin.py:190} INFO - 📥 Received: page:movie_detail
[2025-05-20T09:29:34.849+0000] {logging_mixin.py:190} INFO - 📥 Received: page:movie_detail
[2025-05-20T09:29:34.849+0000] {logging_mixin.py:190} INFO - 📥 Received: page:movie_detail
[2025-05-20T09:29:34.850+0000] {logging_mixin.py:190} INFO - 📥 Received: page:movie_detail
[2025-05-20T09:29:34.850+0000] {logging_mixin.py:190} INFO - 📥 Received: page:movie_detail
[2025-05-20T09:29:34.851+0000] {logging_mixin.py:190} INFO - 📥 Received: page:movie_detail
[2025-05-20T09:29:34.851+0000] {logging_mixin.py:190} INFO - 📥 Received: page:movie_detail
[2025-05-20T09:29:34.852+0000] {logging_mixin.py:190} INFO - 📥 Received: page:movie_detail
[2025-05-20T09:29:34.852+0000] {logging_mixin.py:190} INFO - 📥 Received: page:movie_detail
[2025-05-20T09:29:34.852+0000] {logging_mixin.py:190} INFO - 📥 Received: page:movie_detail
[2025-05-20T09:29:34.853+0000] {logging_mixin.py:190} INFO - 📥 Received: page:movie_detail
[2025-05-20T09:29:34.853+0000] {logging_mixin.py:190} INFO - 📥 Received: page:movie_detail
[2025-05-20T09:29:34.854+0000] {logging_mixin.py:190} INFO - 📥 Received: page:movie_detail
[2025-05-20T09:29:34.854+0000] {logging_mixin.py:190} INFO - 📥 Received: page:movie_detail
[2025-05-20T09:29:34.855+0000] {logging_mixin.py:190} INFO - 📥 Received: page:main
[2025-05-20T09:29:34.855+0000] {logging_mixin.py:190} INFO - 📥 Received: page:main
[2025-05-20T09:29:34.856+0000] {logging_mixin.py:190} INFO - 📥 Received: page:main
[2025-05-20T09:29:34.856+0000] {logging_mixin.py:190} INFO - 📥 Received: page:main
[2025-05-20T09:29:34.857+0000] {logging_mixin.py:190} INFO - 📥 Received: page:movie_detail
[2025-05-20T09:29:34.857+0000] {logging_mixin.py:190} INFO - 📥 Received: page:movie_detail
[2025-05-20T09:29:34.858+0000] {logging_mixin.py:190} INFO - 📥 Received: page:movie_detail
[2025-05-20T09:29:34.859+0000] {logging_mixin.py:190} INFO - 📥 Received: page:movie_detail
[2025-05-20T09:29:34.859+0000] {logging_mixin.py:190} INFO - 📥 Received: page:movie_detail
[2025-05-20T09:29:34.860+0000] {logging_mixin.py:190} INFO - 📥 Received: page:movie_detail
[2025-05-20T09:29:34.860+0000] {logging_mixin.py:190} INFO - 📥 Received: page:main
[2025-05-20T09:29:34.860+0000] {logging_mixin.py:190} INFO - 📥 Received: page:movie_detail
[2025-05-20T09:29:34.861+0000] {logging_mixin.py:190} INFO - 📥 Received: page:main
[2025-05-20T09:29:34.861+0000] {logging_mixin.py:190} INFO - 📥 Received: page:movie_detail
[2025-05-20T09:29:34.862+0000] {logging_mixin.py:190} INFO - 📥 Received: page:main
[2025-05-20T09:29:34.862+0000] {logging_mixin.py:190} INFO - 📥 Received: page:movie_detail
[2025-05-20T09:29:34.863+0000] {logging_mixin.py:190} INFO - 📥 Received: page:movie_detail
[2025-05-20T09:29:34.863+0000] {logging_mixin.py:190} INFO - 📥 Received: page:movie_detail
[2025-05-20T09:29:34.864+0000] {logging_mixin.py:190} INFO - 📥 Received: page:main
[2025-05-20T09:29:34.864+0000] {logging_mixin.py:190} INFO - 📥 Received: page:movie_detail
[2025-05-20T09:29:34.865+0000] {logging_mixin.py:190} INFO - 📥 Received: page:movie_detail
[2025-05-20T09:29:34.865+0000] {logging_mixin.py:190} INFO - 📥 Received: page:main
[2025-05-20T09:29:34.866+0000] {logging_mixin.py:190} INFO - 📥 Received: page:movie_detail
[2025-05-20T09:29:34.866+0000] {logging_mixin.py:190} INFO - 📥 Received: page:movie_detail
[2025-05-20T09:29:34.867+0000] {logging_mixin.py:190} INFO - 📥 Received: page:movie_detail
[2025-05-20T09:29:34.868+0000] {logging_mixin.py:190} INFO - 📥 Received: page:main
[2025-05-20T09:29:34.868+0000] {logging_mixin.py:190} INFO - 📥 Received: page:main
[2025-05-20T09:29:34.869+0000] {logging_mixin.py:190} INFO - 📥 Received: page:movie_detail
[2025-05-20T09:29:34.869+0000] {logging_mixin.py:190} INFO - 📥 Received: page:main
[2025-05-20T09:29:34.870+0000] {logging_mixin.py:190} INFO - 📥 Received: page:movie_detail
[2025-05-20T09:29:34.870+0000] {logging_mixin.py:190} INFO - 📥 Received: page:movie_detail
[2025-05-20T09:29:34.871+0000] {logging_mixin.py:190} INFO - 📥 Received: page:main
[2025-05-20T09:29:34.872+0000] {logging_mixin.py:190} INFO - 📥 Received: page:movie_detail
[2025-05-20T09:29:34.872+0000] {logging_mixin.py:190} INFO - 📥 Received: page:movie_detail
[2025-05-20T09:29:34.873+0000] {logging_mixin.py:190} INFO - 📥 Received: page:movie_detail
[2025-05-20T09:29:34.873+0000] {logging_mixin.py:190} INFO - 📥 Received: page:movie_detail
[2025-05-20T09:29:34.874+0000] {logging_mixin.py:190} INFO - 📥 Received: page:movie_detail
[2025-05-20T09:29:34.874+0000] {logging_mixin.py:190} INFO - 📥 Received: page:main
[2025-05-20T09:29:34.875+0000] {logging_mixin.py:190} INFO - 📥 Received: page:movie_detail
[2025-05-20T09:29:34.876+0000] {logging_mixin.py:190} INFO - 📥 Received: page:movie_detail
[2025-05-20T09:29:34.876+0000] {logging_mixin.py:190} INFO - 📥 Received: page:main
[2025-05-20T09:29:34.877+0000] {logging_mixin.py:190} INFO - 📥 Received: page:movie_detail
[2025-05-20T09:29:34.877+0000] {logging_mixin.py:190} INFO - 📥 Received: page:movie_detail
[2025-05-20T09:29:34.878+0000] {logging_mixin.py:190} INFO - 📥 Received: page:main
[2025-05-20T09:29:34.878+0000] {logging_mixin.py:190} INFO - 📥 Received: page:movie_detail
[2025-05-20T09:29:34.878+0000] {logging_mixin.py:190} INFO - 📥 Received: page:movie_detail
[2025-05-20T09:29:34.879+0000] {logging_mixin.py:190} INFO - 📥 Received: page:movie_detail
[2025-05-20T09:29:34.879+0000] {logging_mixin.py:190} INFO - 📥 Received: page:movie_detail
[2025-05-20T09:29:34.880+0000] {logging_mixin.py:190} INFO - 📥 Received: page:movie_detail
[2025-05-20T09:29:34.880+0000] {logging_mixin.py:190} INFO - 📥 Received: page:main
[2025-05-20T09:29:34.880+0000] {logging_mixin.py:190} INFO - 📥 Received: page:movie_detail
[2025-05-20T09:29:34.881+0000] {logging_mixin.py:190} INFO - 📥 Received: page:movie_detail
[2025-05-20T09:29:34.881+0000] {logging_mixin.py:190} INFO - 📥 Received: page:movie_detail
[2025-05-20T09:29:34.882+0000] {logging_mixin.py:190} INFO - 📥 Received: page:movie_detail
[2025-05-20T09:29:34.882+0000] {logging_mixin.py:190} INFO - 📥 Received: page:movie_detail
[2025-05-20T09:29:34.882+0000] {logging_mixin.py:190} INFO - 📥 Received: page:movie_detail
[2025-05-20T09:29:34.883+0000] {logging_mixin.py:190} INFO - 📥 Received: page:movie_detail
[2025-05-20T09:29:34.883+0000] {logging_mixin.py:190} INFO - 📥 Received: page:movie_detail
[2025-05-20T09:29:34.884+0000] {logging_mixin.py:190} INFO - 📥 Received: page:movie_detail
[2025-05-20T09:29:34.884+0000] {logging_mixin.py:190} INFO - 📥 Received: page:main
[2025-05-20T09:29:34.885+0000] {logging_mixin.py:190} INFO - 📥 Received: page:movie_detail
[2025-05-20T09:29:34.885+0000] {logging_mixin.py:190} INFO - 📥 Received: page:movie_detail
[2025-05-20T09:29:34.885+0000] {logging_mixin.py:190} INFO - 📥 Received: page:main
[2025-05-20T09:29:34.886+0000] {logging_mixin.py:190} INFO - 📥 Received: page:main
[2025-05-20T09:29:34.886+0000] {logging_mixin.py:190} INFO - 📥 Received: page:main
[2025-05-20T09:29:34.886+0000] {logging_mixin.py:190} INFO - 📥 Received: page:movie_detail
[2025-05-20T09:29:34.887+0000] {logging_mixin.py:190} INFO - 📥 Received: page:movie_detail
[2025-05-20T09:29:34.887+0000] {logging_mixin.py:190} INFO - 📥 Received: page:movie_detail
[2025-05-20T09:29:34.888+0000] {logging_mixin.py:190} INFO - 📥 Received: page:movie_detail
[2025-05-20T09:29:34.888+0000] {logging_mixin.py:190} INFO - 📥 Received: page:movie_detail
[2025-05-20T09:29:34.888+0000] {logging_mixin.py:190} INFO - 📥 Received: page:movie_detail
[2025-05-20T09:29:34.889+0000] {logging_mixin.py:190} INFO - 📥 Received: page:movie_detail
[2025-05-20T09:29:34.889+0000] {logging_mixin.py:190} INFO - 📥 Received: page:main
[2025-05-20T09:29:34.889+0000] {logging_mixin.py:190} INFO - 📥 Received: page:movie_detail
[2025-05-20T09:29:34.890+0000] {logging_mixin.py:190} INFO - 📥 Received: page:movie_detail
[2025-05-20T09:29:34.890+0000] {logging_mixin.py:190} INFO - 📥 Received: page:movie_detail
[2025-05-20T09:29:34.891+0000] {logging_mixin.py:190} INFO - 📥 Received: page:main
[2025-05-20T09:29:34.891+0000] {logging_mixin.py:190} INFO - 📥 Received: page:movie_detail
[2025-05-20T09:29:34.891+0000] {logging_mixin.py:190} INFO - 📥 Received: page:movie_detail
[2025-05-20T09:29:34.892+0000] {logging_mixin.py:190} INFO - 📥 Received: page:movie_detail
[2025-05-20T09:29:34.892+0000] {logging_mixin.py:190} INFO - 📥 Received: page:movie_detail
[2025-05-20T09:29:34.893+0000] {logging_mixin.py:190} INFO - 📥 Received: page:movie_detail
[2025-05-20T09:29:34.893+0000] {logging_mixin.py:190} INFO - 📥 Received: page:main
[2025-05-20T09:29:34.893+0000] {logging_mixin.py:190} INFO - 📥 Received: page:movie_detail
[2025-05-20T09:29:34.894+0000] {logging_mixin.py:190} INFO - 📥 Received: page:movie_detail
[2025-05-20T09:29:34.894+0000] {logging_mixin.py:190} INFO - 📥 Received: page:movie_detail
[2025-05-20T09:29:34.895+0000] {logging_mixin.py:190} INFO - 📥 Received: page:movie_detail
[2025-05-20T09:29:34.895+0000] {logging_mixin.py:190} INFO - 📥 Received: page:movie_detail
[2025-05-20T09:29:34.895+0000] {logging_mixin.py:190} INFO - 📥 Received: page:movie_detail
[2025-05-20T09:29:34.896+0000] {logging_mixin.py:190} INFO - 📥 Received: page:movie_detail
[2025-05-20T09:29:34.896+0000] {logging_mixin.py:190} INFO - 📥 Received: page:movie_detail
[2025-05-20T09:29:34.897+0000] {logging_mixin.py:190} INFO - 📥 Received: page:movie_detail
[2025-05-20T09:29:34.897+0000] {logging_mixin.py:190} INFO - 📥 Received: page:movie_detail
[2025-05-20T09:29:34.897+0000] {logging_mixin.py:190} INFO - 📥 Received: page:movie_detail
[2025-05-20T09:29:34.898+0000] {logging_mixin.py:190} INFO - 📥 Received: page:movie_detail
[2025-05-20T09:29:34.898+0000] {logging_mixin.py:190} INFO - 📥 Received: page:movie_detail
[2025-05-20T09:29:34.898+0000] {logging_mixin.py:190} INFO - 📥 Received: page:movie_detail
[2025-05-20T09:29:34.899+0000] {logging_mixin.py:190} INFO - 📥 Received: page:main
[2025-05-20T09:29:34.899+0000] {logging_mixin.py:190} INFO - 📥 Received: page:movie_detail
[2025-05-20T09:29:34.900+0000] {logging_mixin.py:190} INFO - 📥 Received: page:movie_detail
[2025-05-20T09:29:34.900+0000] {logging_mixin.py:190} INFO - 📥 Received: page:movie_detail
[2025-05-20T09:29:34.900+0000] {logging_mixin.py:190} INFO - 📥 Received: page:movie_detail
[2025-05-20T09:29:34.901+0000] {logging_mixin.py:190} INFO - 📥 Received: page:movie_detail
[2025-05-20T09:29:34.901+0000] {logging_mixin.py:190} INFO - 📥 Received: page:movie_detail
[2025-05-20T09:29:34.901+0000] {logging_mixin.py:190} INFO - 📥 Received: page:movie_detail
[2025-05-20T09:29:34.902+0000] {logging_mixin.py:190} INFO - 📥 Received: page:movie_detail
[2025-05-20T09:29:34.902+0000] {logging_mixin.py:190} INFO - 📥 Received: page:main
[2025-05-20T09:29:34.903+0000] {logging_mixin.py:190} INFO - 📥 Received: page:movie_detail
[2025-05-20T09:29:34.903+0000] {logging_mixin.py:190} INFO - 📥 Received: page:movie_detail
[2025-05-20T09:29:34.903+0000] {logging_mixin.py:190} INFO - 📥 Received: page:main
[2025-05-20T09:29:34.904+0000] {logging_mixin.py:190} INFO - 📥 Received: page:movie_detail
[2025-05-20T09:29:34.904+0000] {logging_mixin.py:190} INFO - 📥 Received: page:main
[2025-05-20T09:29:34.905+0000] {logging_mixin.py:190} INFO - 📥 Received: page:movie_detail
[2025-05-20T09:29:34.905+0000] {logging_mixin.py:190} INFO - 📥 Received: page:main
[2025-05-20T09:29:34.906+0000] {logging_mixin.py:190} INFO - 📥 Received: page:main
[2025-05-20T09:29:34.907+0000] {logging_mixin.py:190} INFO - 📥 Received: page:movie_detail
[2025-05-20T09:29:34.907+0000] {logging_mixin.py:190} INFO - 📥 Received: page:movie_detail
[2025-05-20T09:29:34.908+0000] {logging_mixin.py:190} INFO - 📥 Received: page:movie_detail
[2025-05-20T09:29:34.908+0000] {logging_mixin.py:190} INFO - 📥 Received: page:movie_detail
[2025-05-20T09:29:34.908+0000] {logging_mixin.py:190} INFO - 📥 Received: page:movie_detail
[2025-05-20T09:29:34.909+0000] {logging_mixin.py:190} INFO - 📥 Received: page:main
[2025-05-20T09:29:34.909+0000] {logging_mixin.py:190} INFO - 📥 Received: page:main
[2025-05-20T09:29:34.910+0000] {logging_mixin.py:190} INFO - 📥 Received: page:main
[2025-05-20T09:29:34.910+0000] {logging_mixin.py:190} INFO - 📥 Received: page:main
[2025-05-20T09:29:34.911+0000] {logging_mixin.py:190} INFO - 📥 Received: page:movie_detail
[2025-05-20T09:29:34.911+0000] {logging_mixin.py:190} INFO - 📥 Received: page:movie_detail
[2025-05-20T09:29:34.911+0000] {logging_mixin.py:190} INFO - 📥 Received: page:movie_detail
[2025-05-20T09:29:34.912+0000] {logging_mixin.py:190} INFO - 📥 Received: page:movie_detail
[2025-05-20T09:29:34.912+0000] {logging_mixin.py:190} INFO - 📥 Received: page:movie_detail
[2025-05-20T09:29:34.913+0000] {logging_mixin.py:190} INFO - 📥 Received: page:main
[2025-05-20T09:29:34.913+0000] {logging_mixin.py:190} INFO - 📥 Received: page:movie_detail
[2025-05-20T09:29:34.914+0000] {logging_mixin.py:190} INFO - 📥 Received: page:movie_detail
[2025-05-20T09:29:34.914+0000] {logging_mixin.py:190} INFO - ✅Minio connected
[2025-05-20T09:29:34.918+0000] {base.py:84} INFO - Retrieving connection 'minio'
[2025-05-20T09:29:34.918+0000] {connection_wrapper.py:388} INFO - AWS Connection (conn_id='minio', conn_type='aws') credentials retrieved from login and password.
[2025-05-20T09:29:46.501+0000] {logging_mixin.py:190} INFO - ❌ DAG failed due to : Could not connect to the endpoint URL: "http://localhost:9000/user-log-ml"
[2025-05-20T09:29:46.502+0000] {base.py:834} INFO - Stopping heartbeat thread
[2025-05-20T09:29:49.508+0000] {base.py:1037} WARNING - Heartbeat thread did not fully terminate during close
[2025-05-20T09:29:49.510+0000] {base.py:865} INFO - Leaving consumer group (tospark).
[2025-05-20T09:29:49.516+0000] {conn.py:945} INFO - <BrokerConnection client_id=kafka-python-2.2.7, node_id=1 host=172.16.24.224:9092 <connected> [IPv4 ('172.16.24.224', 9092)]>: Closing connection. 
[2025-05-20T09:29:49.518+0000] {conn.py:945} INFO - <BrokerConnection client_id=kafka-python-2.2.7, node_id=coordinator-1 host=172.16.24.224:9092 <connected> [IPv4 ('172.16.24.224', 9092)]>: Closing connection. 
[2025-05-20T09:29:49.520+0000] {taskinstance.py:3310} ERROR - Task failed with exception
Traceback (most recent call last):
  File "/home/airflow/.local/lib/python3.10/site-packages/urllib3/connection.py", line 196, in _new_conn
    sock = connection.create_connection(
  File "/home/airflow/.local/lib/python3.10/site-packages/urllib3/util/connection.py", line 85, in create_connection
    raise err
  File "/home/airflow/.local/lib/python3.10/site-packages/urllib3/util/connection.py", line 73, in create_connection
    sock.connect(sa)
ConnectionRefusedError: [Errno 111] Connection refused

The above exception was the direct cause of the following exception:

Traceback (most recent call last):
  File "/home/airflow/.local/lib/python3.10/site-packages/botocore/httpsession.py", line 464, in send
    urllib_response = conn.urlopen(
  File "/home/airflow/.local/lib/python3.10/site-packages/urllib3/connectionpool.py", line 843, in urlopen
    retries = retries.increment(
  File "/home/airflow/.local/lib/python3.10/site-packages/urllib3/util/retry.py", line 449, in increment
    raise reraise(type(error), error, _stacktrace)
  File "/home/airflow/.local/lib/python3.10/site-packages/urllib3/util/util.py", line 39, in reraise
    raise value
  File "/home/airflow/.local/lib/python3.10/site-packages/urllib3/connectionpool.py", line 789, in urlopen
    response = self._make_request(
  File "/home/airflow/.local/lib/python3.10/site-packages/urllib3/connectionpool.py", line 495, in _make_request
    conn.request(
  File "/home/airflow/.local/lib/python3.10/site-packages/botocore/awsrequest.py", line 96, in request
    rval = super().request(method, url, body, headers, *args, **kwargs)
  File "/home/airflow/.local/lib/python3.10/site-packages/urllib3/connection.py", line 398, in request
    self.endheaders()
  File "/usr/local/lib/python3.10/http/client.py", line 1278, in endheaders
    self._send_output(message_body, encode_chunked=encode_chunked)
  File "/home/airflow/.local/lib/python3.10/site-packages/botocore/awsrequest.py", line 123, in _send_output
    self.send(msg)
  File "/home/airflow/.local/lib/python3.10/site-packages/botocore/awsrequest.py", line 223, in send
    return super().send(str)
  File "/usr/local/lib/python3.10/http/client.py", line 976, in send
    self.connect()
  File "/home/airflow/.local/lib/python3.10/site-packages/urllib3/connection.py", line 236, in connect
    self.sock = self._new_conn()
  File "/home/airflow/.local/lib/python3.10/site-packages/urllib3/connection.py", line 211, in _new_conn
    raise NewConnectionError(
urllib3.exceptions.NewConnectionError: <botocore.awsrequest.AWSHTTPConnection object at 0xffff744c7df0>: Failed to establish a new connection: [Errno 111] Connection refused

During handling of the above exception, another exception occurred:

Traceback (most recent call last):
  File "/home/airflow/.local/lib/python3.10/site-packages/airflow/models/taskinstance.py", line 762, in _execute_task
    result = _execute_callable(context=context, **execute_callable_kwargs)
  File "/home/airflow/.local/lib/python3.10/site-packages/airflow/models/taskinstance.py", line 733, in _execute_callable
    return ExecutionCallableRunner(
  File "/home/airflow/.local/lib/python3.10/site-packages/airflow/utils/operator_helpers.py", line 252, in run
    return self.func(*args, **kwargs)
  File "/home/airflow/.local/lib/python3.10/site-packages/airflow/models/baseoperator.py", line 406, in wrapper
    return func(self, *args, **kwargs)
  File "/home/airflow/.local/lib/python3.10/site-packages/airflow/operators/python.py", line 238, in execute
    return_value = self.execute_callable()
  File "/home/airflow/.local/lib/python3.10/site-packages/airflow/operators/python.py", line 256, in execute_callable
    return runner.run(*self.op_args, **self.op_kwargs)
  File "/home/airflow/.local/lib/python3.10/site-packages/airflow/utils/operator_helpers.py", line 252, in run
    return self.func(*args, **kwargs)
  File "/opt/airflow/dags/testlog_ml.py", line 144, in kafka_consumer
    raise e
  File "/opt/airflow/dags/testlog_ml.py", line 127, in kafka_consumer
    if not s3_hook.check_for_bucket(bucket_name):
  File "/home/airflow/.local/lib/python3.10/site-packages/airflow/providers/amazon/aws/hooks/s3.py", line 132, in wrapper
    return func(*bound_args.args, **bound_args.kwargs)
  File "/home/airflow/.local/lib/python3.10/site-packages/airflow/providers/amazon/aws/hooks/s3.py", line 311, in check_for_bucket
    self.get_conn().head_bucket(Bucket=bucket_name)
  File "/home/airflow/.local/lib/python3.10/site-packages/botocore/client.py", line 569, in _api_call
    return self._make_api_call(operation_name, kwargs)
  File "/home/airflow/.local/lib/python3.10/site-packages/botocore/client.py", line 1005, in _make_api_call
    http, parsed_response = self._make_request(
  File "/home/airflow/.local/lib/python3.10/site-packages/botocore/client.py", line 1029, in _make_request
    return self._endpoint.make_request(operation_model, request_dict)
  File "/home/airflow/.local/lib/python3.10/site-packages/botocore/endpoint.py", line 119, in make_request
    return self._send_request(request_dict, operation_model)
  File "/home/airflow/.local/lib/python3.10/site-packages/botocore/endpoint.py", line 200, in _send_request
    while self._needs_retry(
  File "/home/airflow/.local/lib/python3.10/site-packages/botocore/endpoint.py", line 352, in _needs_retry
    responses = self._event_emitter.emit(
  File "/home/airflow/.local/lib/python3.10/site-packages/botocore/hooks.py", line 412, in emit
    return self._emitter.emit(aliased_event_name, **kwargs)
  File "/home/airflow/.local/lib/python3.10/site-packages/botocore/hooks.py", line 256, in emit
    return self._emit(event_name, kwargs)
  File "/home/airflow/.local/lib/python3.10/site-packages/botocore/hooks.py", line 239, in _emit
    response = handler(**kwargs)
  File "/home/airflow/.local/lib/python3.10/site-packages/botocore/retryhandler.py", line 207, in __call__
    if self._checker(**checker_kwargs):
  File "/home/airflow/.local/lib/python3.10/site-packages/botocore/retryhandler.py", line 284, in __call__
    should_retry = self._should_retry(
  File "/home/airflow/.local/lib/python3.10/site-packages/botocore/retryhandler.py", line 320, in _should_retry
    return self._checker(attempt_number, response, caught_exception)
  File "/home/airflow/.local/lib/python3.10/site-packages/botocore/retryhandler.py", line 363, in __call__
    checker_response = checker(
  File "/home/airflow/.local/lib/python3.10/site-packages/botocore/retryhandler.py", line 247, in __call__
    return self._check_caught_exception(
  File "/home/airflow/.local/lib/python3.10/site-packages/botocore/retryhandler.py", line 416, in _check_caught_exception
    raise caught_exception
  File "/home/airflow/.local/lib/python3.10/site-packages/botocore/endpoint.py", line 279, in _do_get_response
    http_response = self._send(request)
  File "/home/airflow/.local/lib/python3.10/site-packages/botocore/endpoint.py", line 375, in _send
    return self.http_session.send(request)
  File "/home/airflow/.local/lib/python3.10/site-packages/botocore/httpsession.py", line 493, in send
    raise EndpointConnectionError(endpoint_url=request.url, error=e)
botocore.exceptions.EndpointConnectionError: Could not connect to the endpoint URL: "http://localhost:9000/user-log-ml"
[2025-05-20T09:29:49.536+0000] {taskinstance.py:1225} INFO - Marking task as UP_FOR_RETRY. dag_id=kafka_to_minio_to_spark, task_id=kafka_consumer, run_id=scheduled__2025-05-19T16:00:00+00:00, execution_date=20250519T160000, start_date=20250520T092931, end_date=20250520T092949
[2025-05-20T09:29:49.547+0000] {taskinstance.py:340} INFO - ::group::Post task execution logs
[2025-05-20T09:29:49.548+0000] {standard_task_runner.py:124} ERROR - Failed to execute job 9 for task kafka_consumer (Could not connect to the endpoint URL: "http://localhost:9000/user-log-ml"; 599)
Traceback (most recent call last):
  File "/home/airflow/.local/lib/python3.10/site-packages/urllib3/connection.py", line 196, in _new_conn
    sock = connection.create_connection(
  File "/home/airflow/.local/lib/python3.10/site-packages/urllib3/util/connection.py", line 85, in create_connection
    raise err
  File "/home/airflow/.local/lib/python3.10/site-packages/urllib3/util/connection.py", line 73, in create_connection
    sock.connect(sa)
ConnectionRefusedError: [Errno 111] Connection refused

The above exception was the direct cause of the following exception:

Traceback (most recent call last):
  File "/home/airflow/.local/lib/python3.10/site-packages/botocore/httpsession.py", line 464, in send
    urllib_response = conn.urlopen(
  File "/home/airflow/.local/lib/python3.10/site-packages/urllib3/connectionpool.py", line 843, in urlopen
    retries = retries.increment(
  File "/home/airflow/.local/lib/python3.10/site-packages/urllib3/util/retry.py", line 449, in increment
    raise reraise(type(error), error, _stacktrace)
  File "/home/airflow/.local/lib/python3.10/site-packages/urllib3/util/util.py", line 39, in reraise
    raise value
  File "/home/airflow/.local/lib/python3.10/site-packages/urllib3/connectionpool.py", line 789, in urlopen
    response = self._make_request(
  File "/home/airflow/.local/lib/python3.10/site-packages/urllib3/connectionpool.py", line 495, in _make_request
    conn.request(
  File "/home/airflow/.local/lib/python3.10/site-packages/botocore/awsrequest.py", line 96, in request
    rval = super().request(method, url, body, headers, *args, **kwargs)
  File "/home/airflow/.local/lib/python3.10/site-packages/urllib3/connection.py", line 398, in request
    self.endheaders()
  File "/usr/local/lib/python3.10/http/client.py", line 1278, in endheaders
    self._send_output(message_body, encode_chunked=encode_chunked)
  File "/home/airflow/.local/lib/python3.10/site-packages/botocore/awsrequest.py", line 123, in _send_output
    self.send(msg)
  File "/home/airflow/.local/lib/python3.10/site-packages/botocore/awsrequest.py", line 223, in send
    return super().send(str)
  File "/usr/local/lib/python3.10/http/client.py", line 976, in send
    self.connect()
  File "/home/airflow/.local/lib/python3.10/site-packages/urllib3/connection.py", line 236, in connect
    self.sock = self._new_conn()
  File "/home/airflow/.local/lib/python3.10/site-packages/urllib3/connection.py", line 211, in _new_conn
    raise NewConnectionError(
urllib3.exceptions.NewConnectionError: <botocore.awsrequest.AWSHTTPConnection object at 0xffff744c7df0>: Failed to establish a new connection: [Errno 111] Connection refused

During handling of the above exception, another exception occurred:

Traceback (most recent call last):
  File "/home/airflow/.local/lib/python3.10/site-packages/airflow/task/task_runner/standard_task_runner.py", line 117, in _start_by_fork
    ret = args.func(args, dag=self.dag)
  File "/home/airflow/.local/lib/python3.10/site-packages/airflow/cli/cli_config.py", line 49, in command
    return func(*args, **kwargs)
  File "/home/airflow/.local/lib/python3.10/site-packages/airflow/utils/cli.py", line 115, in wrapper
    return f(*args, **kwargs)
  File "/home/airflow/.local/lib/python3.10/site-packages/airflow/cli/commands/task_command.py", line 483, in task_run
    task_return_code = _run_task_by_selected_method(args, _dag, ti)
  File "/home/airflow/.local/lib/python3.10/site-packages/airflow/cli/commands/task_command.py", line 256, in _run_task_by_selected_method
    return _run_raw_task(args, ti)
  File "/home/airflow/.local/lib/python3.10/site-packages/airflow/cli/commands/task_command.py", line 341, in _run_raw_task
    return ti._run_raw_task(
  File "/home/airflow/.local/lib/python3.10/site-packages/airflow/utils/session.py", line 97, in wrapper
    return func(*args, session=session, **kwargs)
  File "/home/airflow/.local/lib/python3.10/site-packages/airflow/models/taskinstance.py", line 3004, in _run_raw_task
    return _run_raw_task(
  File "/home/airflow/.local/lib/python3.10/site-packages/airflow/models/taskinstance.py", line 273, in _run_raw_task
    TaskInstance._execute_task_with_callbacks(
  File "/home/airflow/.local/lib/python3.10/site-packages/airflow/models/taskinstance.py", line 3158, in _execute_task_with_callbacks
    result = self._execute_task(context, task_orig)
  File "/home/airflow/.local/lib/python3.10/site-packages/airflow/models/taskinstance.py", line 3182, in _execute_task
    return _execute_task(self, context, task_orig)
  File "/home/airflow/.local/lib/python3.10/site-packages/airflow/models/taskinstance.py", line 762, in _execute_task
    result = _execute_callable(context=context, **execute_callable_kwargs)
  File "/home/airflow/.local/lib/python3.10/site-packages/airflow/models/taskinstance.py", line 733, in _execute_callable
    return ExecutionCallableRunner(
  File "/home/airflow/.local/lib/python3.10/site-packages/airflow/utils/operator_helpers.py", line 252, in run
    return self.func(*args, **kwargs)
  File "/home/airflow/.local/lib/python3.10/site-packages/airflow/models/baseoperator.py", line 406, in wrapper
    return func(self, *args, **kwargs)
  File "/home/airflow/.local/lib/python3.10/site-packages/airflow/operators/python.py", line 238, in execute
    return_value = self.execute_callable()
  File "/home/airflow/.local/lib/python3.10/site-packages/airflow/operators/python.py", line 256, in execute_callable
    return runner.run(*self.op_args, **self.op_kwargs)
  File "/home/airflow/.local/lib/python3.10/site-packages/airflow/utils/operator_helpers.py", line 252, in run
    return self.func(*args, **kwargs)
  File "/opt/airflow/dags/testlog_ml.py", line 144, in kafka_consumer
    raise e
  File "/opt/airflow/dags/testlog_ml.py", line 127, in kafka_consumer
    if not s3_hook.check_for_bucket(bucket_name):
  File "/home/airflow/.local/lib/python3.10/site-packages/airflow/providers/amazon/aws/hooks/s3.py", line 132, in wrapper
    return func(*bound_args.args, **bound_args.kwargs)
  File "/home/airflow/.local/lib/python3.10/site-packages/airflow/providers/amazon/aws/hooks/s3.py", line 311, in check_for_bucket
    self.get_conn().head_bucket(Bucket=bucket_name)
  File "/home/airflow/.local/lib/python3.10/site-packages/botocore/client.py", line 569, in _api_call
    return self._make_api_call(operation_name, kwargs)
  File "/home/airflow/.local/lib/python3.10/site-packages/botocore/client.py", line 1005, in _make_api_call
    http, parsed_response = self._make_request(
  File "/home/airflow/.local/lib/python3.10/site-packages/botocore/client.py", line 1029, in _make_request
    return self._endpoint.make_request(operation_model, request_dict)
  File "/home/airflow/.local/lib/python3.10/site-packages/botocore/endpoint.py", line 119, in make_request
    return self._send_request(request_dict, operation_model)
  File "/home/airflow/.local/lib/python3.10/site-packages/botocore/endpoint.py", line 200, in _send_request
    while self._needs_retry(
  File "/home/airflow/.local/lib/python3.10/site-packages/botocore/endpoint.py", line 352, in _needs_retry
    responses = self._event_emitter.emit(
  File "/home/airflow/.local/lib/python3.10/site-packages/botocore/hooks.py", line 412, in emit
    return self._emitter.emit(aliased_event_name, **kwargs)
  File "/home/airflow/.local/lib/python3.10/site-packages/botocore/hooks.py", line 256, in emit
    return self._emit(event_name, kwargs)
  File "/home/airflow/.local/lib/python3.10/site-packages/botocore/hooks.py", line 239, in _emit
    response = handler(**kwargs)
  File "/home/airflow/.local/lib/python3.10/site-packages/botocore/retryhandler.py", line 207, in __call__
    if self._checker(**checker_kwargs):
  File "/home/airflow/.local/lib/python3.10/site-packages/botocore/retryhandler.py", line 284, in __call__
    should_retry = self._should_retry(
  File "/home/airflow/.local/lib/python3.10/site-packages/botocore/retryhandler.py", line 320, in _should_retry
    return self._checker(attempt_number, response, caught_exception)
  File "/home/airflow/.local/lib/python3.10/site-packages/botocore/retryhandler.py", line 363, in __call__
    checker_response = checker(
  File "/home/airflow/.local/lib/python3.10/site-packages/botocore/retryhandler.py", line 247, in __call__
    return self._check_caught_exception(
  File "/home/airflow/.local/lib/python3.10/site-packages/botocore/retryhandler.py", line 416, in _check_caught_exception
    raise caught_exception
  File "/home/airflow/.local/lib/python3.10/site-packages/botocore/endpoint.py", line 279, in _do_get_response
    http_response = self._send(request)
  File "/home/airflow/.local/lib/python3.10/site-packages/botocore/endpoint.py", line 375, in _send
    return self.http_session.send(request)
  File "/home/airflow/.local/lib/python3.10/site-packages/botocore/httpsession.py", line 493, in send
    raise EndpointConnectionError(endpoint_url=request.url, error=e)
botocore.exceptions.EndpointConnectionError: Could not connect to the endpoint URL: "http://localhost:9000/user-log-ml"
[2025-05-20T09:29:49.596+0000] {local_task_job_runner.py:266} INFO - Task exited with return code 1
[2025-05-20T09:29:49.691+0000] {taskinstance.py:3900} INFO - 0 downstream tasks scheduled from follow-on schedule check
[2025-05-20T09:29:49.692+0000] {local_task_job_runner.py:245} INFO - ::endgroup::
